// Jest Snapshot v1, https://goo.gl/fbAQLP

exports[`<Vaults /> spec it renders the component 1`] = `
<div
  class="css-1amws9w"
  data-testid="vaults"
>
  <div
    class="css-757oke"
    data-testid="first-vault"
  >
    <div
      class="css-1t88eub"
    >
      <img
        class="css-9e87zr"
        src="test-file-stub"
      />
    </div>
    <div
      class="css-gqkwza"
    >
      <div
        class="css-1pbewb1"
      >
        TICKER
      </div>
      <div
        class="css-lzsise"
      >
        ETH
      </div>
    </div>
    <div
      class="css-gqkwza"
    >
      <div
        class="css-1pbewb1"
      >
        DAI
      </div>
      <div
        class="css-lzsise"
      >
        1000
      </div>
    </div>
    <div
      class="css-gqkwza"
    >
      <div
        class="css-1pbewb1"
      >
        COLLATERAL (USD)
      </div>
      <div
        class="css-lzsise"
      >
        3000
      </div>
    </div>
    <div
      class="css-gqkwza"
    >
      <div
        class="css-1pbewb1"
      >
        LIQUIDATION (USD)
      </div>
      <div
        class="css-lzsise"
      >
        1500
      </div>
    </div>
  </div>
  <div
    class="css-757oke"
    data-testid="first-vault"
  >
    <div
      class="css-1t88eub"
    >
      <img
        class="css-9e87zr"
        src="test-file-stub"
      />
    </div>
    <div
      class="css-gqkwza"
    >
      <div
        class="css-1pbewb1"
      >
        TICKER
      </div>
      <div
        class="css-lzsise"
      >
        ETH
      </div>
    </div>
    <div
      class="css-gqkwza"
    >
      <div
        class="css-1pbewb1"
      >
        DAI
      </div>
      <div
        class="css-lzsise"
      >
        1000
      </div>
    </div>
    <div
      class="css-gqkwza"
    >
      <div
        class="css-1pbewb1"
      >
        COLLATERAL (USD)
      </div>
      <div
        class="css-lzsise"
      >
        3000
      </div>
    </div>
    <div
      class="css-gqkwza"
    >
      <div
        class="css-1pbewb1"
      >
        LIQUIDATION (USD)
      </div>
      <div
        class="css-lzsise"
      >
        1500
      </div>
    </div>
  </div>
</div>
`;
